// Jest Snapshot v1, https://goo.gl/fbAQLP

exports[`Main should render without crashing 1`] = `
<Fragment>
  <Meta />
  <Nav />
  Children
</Fragment>
`;
